ä½œæ¥­é–‹å§‹æ™‚

clasp push --watch

ï¼ˆæ­¢ã‚ã‚‹ã¨ãã¯ Ctrl + Cï¼‰

ãƒ–ãƒ©ã‚¦ã‚¶å´ã‚’è§¦ã£ãŸã‚ã¨

clasp pull


é–¢æ•°ã‚’ç›´æ¥å®Ÿè¡Œã—ãŸã„ã¨ã

clasp run é–¢æ•°å


æ™®æ®µã®ç·¨é›†ã§ã¯
ğŸ‘‰ ã‚¿ãƒ¼ãƒŸãƒŠãƒ«ã¯æ¨ªã«ç½®ã„ã¦ãŠãã ã‘ã€‚

------------------------------------------------------

VS Codeã‹ã‚‰ç‰¹å®šã®GASé–¢æ•°ã‚’å®Ÿè¡Œã™ã‚‹ï¼clasp runã€‚ã“ã‚ŒãŒç‹é“ã€‚

ã„ã¡ã°ã‚“åŸºæœ¬ï¼ˆ1å›ã ã‘å®Ÿè¡Œï¼‰

ã‚¿ãƒ¼ãƒŸãƒŠãƒ«ï¼ˆVS Codeå†…ã§OKï¼‰ã§ï¼š

clasp run é–¢æ•°å

------------------------------------------------------

ãƒ­ã‚°ç¢ºèªï¼ˆå®Ÿè¡Œå¾Œï¼‰
clasp logs


ãƒªã‚¢ãƒ«ã‚¿ã‚¤ãƒ ã§è¦‹ãŸã„ãªã‚‰ï¼š

clasp logs --watch

------------------------------------------------------

morinagahidetaka@morinagahidetakanoMac-mini projects % clasp push --watch

Project settings not found.
morinagahidetaka@morinagahidetakanoMac-mini projects % ls -a

.       ..      gas
morinagahidetaka@morinagahidetakanoMac-mini projects % cd gas

morinagahidetaka@morinagahidetakanoMac-mini gas % ls -a

.               ..              my-gas-project
morinagahidetaka@morinagahidetakanoMac-mini gas % cd my-gas-project
morinagahidetaka@morinagahidetakanoMac-mini my-gas-project % ls -a
.               .clasp.json     .vscode         appsscript.json line.js         template.gs     xxxmemo.txt
..              .clasprc.json   Code.js         drive.js        submissions.js  utils.js
morinagahidetaka@morinagahidetakanoMac-mini my-gas-project % clasp push --watch

Pushed 7 files.
â””â”€ appsscript.json
â””â”€ Code.js
â””â”€ drive.js
â””â”€ line.js
â””â”€ submissions.js
â””â”€ template.gs
â””â”€ utils.js
Waiting for changes...

